\BOOKMARK [0][-]{chapter*.4}{\376\377\000T\000a\000b\000l\000e\000\040\000d\000e\000s\000\040\000f\000i\000g\000u\000r\000e\000s}{}% 1
\BOOKMARK [0][-]{chapter*.5}{\376\377\000L\000i\000s\000t\000e\000\040\000d\000e\000s\000\040\000t\000a\000b\000l\000e\000a\000u\000x}{}% 2
\BOOKMARK [0][-]{chapter.1}{\376\377\000C\000o\000n\000t\000e\000x\000t\000e\000\040\000g\000\351\000n\000\351\000r\000a\000l\000\040\000d\000u\000\040\000p\000r\000o\000j\000e\000t}{}% 3
\BOOKMARK [1][-]{section.1.1}{\376\377\000I\000n\000t\000r\000o\000d\000u\000c\000t\000i\000o\000n}{chapter.1}% 4
\BOOKMARK [1][-]{section.1.2}{\376\377\000C\000a\000d\000r\000e\000\040\000d\000u\000\040\000p\000r\000o\000j\000e\000t}{chapter.1}% 5
\BOOKMARK [1][-]{section.1.3}{\376\377\000O\000r\000g\000a\000n\000i\000s\000m\000e\000\040\000d\040\031\000a\000c\000c\000u\000e\000i\000l}{chapter.1}% 6
\BOOKMARK [1][-]{section.1.4}{\376\377\000\311\000t\000u\000d\000e\000\040\000d\000e\000\040\000l\040\031\000e\000x\000i\000s\000t\000a\000n\000t}{chapter.1}% 7
\BOOKMARK [2][-]{subsection.1.4.1}{\376\377\000P\000a\000n\000o\000r\000a\000m\000a\000\040\000d\000u\000\040\000m\000a\000r\000c\000h\000\351\000\040\000d\000e\000s\000\040\000a\000n\000i\000m\000a\000u\000x\000\040\000d\000o\000m\000e\000s\000t\000i\000q\000u\000e\000s\000\040\000e\000n\000\040\000T\000u\000n\000i\000s\000i\000e}{section.1.4}% 8
\BOOKMARK [2][-]{subsection.1.4.2}{\376\377\000C\000r\000i\000t\000i\000q\000u\000e\000\040\000d\000e\000\040\000l\040\031\000e\000x\000i\000s\000t\000a\000n\000t}{section.1.4}% 9
\BOOKMARK [3][-]{section*.7}{\376\377\000L\000e\000s\000\040\000a\000n\000i\000m\000a\000l\000e\000r\000i\000e\000s\000\040\000e\000n\000\040\000T\000u\000n\000i\000s\000i\000e}{subsection.1.4.2}% 10
\BOOKMARK [3][-]{section*.8}{\376\377\000R\000\351\000s\000e\000a\000u\000x\000\040\000s\000o\000c\000i\000a\000u\000x\000\040\000\050\000F\000a\000c\000e\000b\000o\000o\000k\000\040\000e\000t\000\040\000I\000n\000s\000t\000a\000g\000r\000a\000m\000\051}{subsection.1.4.2}% 11
\BOOKMARK [3][-]{section*.9}{\376\377\000L\000e\000s\000\040\000s\000i\000t\000e\000s\000\040\000d\040\031\000a\000n\000n\000o\000n\000c\000e\000s\000\040\000g\000\351\000n\000\351\000r\000a\000l\000i\000s\000t\000e\000s}{subsection.1.4.2}% 12
\BOOKMARK [1][-]{section.1.5}{\376\377\000S\000o\000l\000u\000t\000i\000o\000n\000\040\000p\000r\000o\000p\000o\000s\000\351\000e}{chapter.1}% 13
\BOOKMARK [2][-]{subsection.1.5.1}{\376\377\000P\000r\000\351\000s\000e\000n\000t\000a\000t\000i\000o\000n\000\040\000d\000e\000\040\000n\000o\000t\000r\000e\000\040\000s\000o\000l\000u\000t\000i\000o\000n\000\040\000A\000n\000i\000H\000u\000b}{section.1.5}% 14
\BOOKMARK [2][-]{subsection.1.5.2}{\376\377\000A\000n\000a\000l\000y\000s\000e\000\040\000c\000o\000m\000p\000a\000r\000a\000t\000i\000v\000e\000\040\000d\000e\000s\000\040\000s\000o\000l\000u\000t\000i\000o\000n\000s\000\040\000e\000x\000i\000s\000t\000a\000n\000t\000e\000s\000\040\000e\000t\000\040\000p\000o\000s\000i\000t\000i\000o\000n\000n\000e\000m\000e\000n\000t\000\040\000d\040\031\000A\000n\000i\000H\000u\000b}{section.1.5}% 15
\BOOKMARK [2][-]{subsection.1.5.3}{\376\377\000O\000b\000j\000e\000c\000t\000i\000f\000s\000\040\000d\000e\000\040\000n\000o\000t\000r\000e\000\040\000s\000o\000l\000u\000t\000i\000o\000n\000\040\000\253\000\040\000A\000n\000i\000H\000u\000b\000\040\000\273}{section.1.5}% 16
\BOOKMARK [2][-]{subsection.1.5.4}{\376\377\000P\000u\000b\000l\000i\000c\000\040\000c\000i\000b\000l\000e\000\040\000d\000e\000\040\000l\000a\000\040\000p\000l\000a\000t\000e\000f\000o\000r\000m\000e\000\040\000\253\000\040\000A\000n\000i\000H\000u\000b\000\040\000\273}{section.1.5}% 17
\BOOKMARK [2][-]{subsection.1.5.5}{\376\377\000P\000o\000s\000i\000t\000i\000o\000n\000n\000e\000m\000e\000n\000t\000\040\000s\000t\000r\000a\000t\000\351\000g\000i\000q\000u\000e\000\040\000d\000e\000\040\000l\000a\000\040\000p\000l\000a\000t\000e\000f\000o\000r\000m\000e\000\040\000\253\000\040\000A\000n\000i\000H\000u\000b\000\040\000\273}{section.1.5}% 18
\BOOKMARK [1][-]{section.1.6}{\376\377\000M\000\351\000t\000h\000o\000d\000o\000l\000o\000g\000i\000e\000\040\000d\000e\000\040\000d\000\351\000v\000e\000l\000o\000p\000p\000e\000m\000e\000n\000t}{chapter.1}% 19
\BOOKMARK [2][-]{subsection.1.6.1}{\376\377\000C\000o\000m\000p\000a\000r\000a\000i\000s\000o\000n\000\040\000d\000e\000s\000\040\000m\000\351\000t\000h\000o\000d\000e\000s\000\040\000d\000e\000\040\000t\000r\000a\000v\000a\000i\000l}{section.1.6}% 20
\BOOKMARK [2][-]{subsection.1.6.2}{\376\377\000M\000\351\000t\000h\000o\000d\000e\000s\000\040\000a\000g\000i\000l\000e\000s}{section.1.6}% 21
\BOOKMARK [2][-]{subsection.1.6.3}{\376\377\000M\000\351\000t\000h\000o\000d\000o\000l\000o\000g\000i\000e\000\040\000a\000d\000o\000p\000t\000\351\000e\000\040\000:\000\040\000S\000c\000r\000u\000m}{section.1.6}% 22
\BOOKMARK [3][-]{section*.13}{\376\377\000P\000r\000o\000c\000e\000s\000s\000u\000s\000\040\000S\000c\000r\000u\000m}{subsection.1.6.3}% 23
\BOOKMARK [1][-]{section.1.7}{\376\377\000C\000h\000r\000o\000n\000o\000g\000r\000a\000m\000m\000e}{chapter.1}% 24
\BOOKMARK [1][-]{section.1.8}{\376\377\000C\000o\000n\000c\000l\000u\000s\000i\000o\000n}{chapter.1}% 25
\BOOKMARK [0][-]{chapter.2}{\376\377\000\311\000t\000u\000d\000e\000\040\000d\000e\000s\000\040\000b\000e\000s\000o\000i\000n\000s\000\040\000e\000t\000\040\000p\000l\000a\000n\000i\000f\000i\000c\000a\000t\000i\000o\000n\000\040\000d\000u\000\040\000p\000r\000o\000j\000e\000t}{}% 26
\BOOKMARK [1][-]{section.2.1}{\376\377\000I\000n\000t\000r\000o\000d\000u\000c\000t\000i\000o\000n}{chapter.2}% 27
\BOOKMARK [1][-]{section.2.2}{\376\377\000I\000d\000e\000n\000t\000i\000f\000i\000c\000a\000t\000i\000o\000n\000\040\000d\000e\000s\000\040\000a\000c\000t\000e\000u\000r\000s}{chapter.2}% 28
\BOOKMARK [1][-]{section.2.3}{\376\377\000B\000e\000s\000o\000i\000n\000s\000\040\000F\000o\000n\000c\000t\000i\000o\000n\000n\000e\000l\000s}{chapter.2}% 29
\BOOKMARK [2][-]{subsection.2.3.1}{\376\377\000P\000o\000u\000r\000\040\000u\000n\000\040\000u\000t\000i\000l\000i\000s\000a\000t\000e\000u\000r}{section.2.3}% 30
\BOOKMARK [2][-]{subsection.2.3.2}{\376\377\000P\000o\000u\000r\000\040\000u\000n\000\040\000v\000e\000n\000d\000e\000u\000r}{section.2.3}% 31
\BOOKMARK [2][-]{subsection.2.3.3}{\376\377\000P\000o\000u\000r\000\040\000u\000n\000\040\000p\000r\000e\000s\000t\000a\000t\000a\000i\000r\000e\000\040\000d\000e\000\040\000s\000e\000r\000v\000i\000c\000e}{section.2.3}% 32
\BOOKMARK [2][-]{subsection.2.3.4}{\376\377\000P\000o\000u\000r\000\040\000u\000n\000\040\000a\000d\000m\000i\000n\000i\000s\000t\000r\000a\000t\000e\000u\000r}{section.2.3}% 33
\BOOKMARK [1][-]{section.2.4}{\376\377\000B\000e\000s\000o\000i\000n\000s\000\040\000n\000o\000n\000\040\000f\000o\000n\000c\000t\000i\000o\000n\000n\000e\000l\000s}{chapter.2}% 34
\BOOKMARK [1][-]{section.2.5}{\376\377\000D\000i\000a\000g\000r\000a\000m\000m\000e\000\040\000d\000e\000\040\000c\000a\000s\000\040\000d\040\031\000u\000t\000i\000l\000i\000s\000a\000t\000i\000o\000n\000\040\000g\000l\000o\000b\000a\000l}{chapter.2}% 35
\BOOKMARK [1][-]{section.2.6}{\376\377\000A\000r\000c\000h\000i\000t\000e\000c\000t\000u\000r\000e\000\040\000g\000l\000o\000b\000a\000l\000e\000\040\000d\000u\000\040\000p\000r\000o\000j\000e\000t}{chapter.2}% 36
\BOOKMARK [2][-]{subsection.2.6.1}{\376\377\000A\000r\000c\000h\000i\000t\000e\000c\000t\000u\000r\000e\000\040\000m\000o\000n\000o\000l\000i\000t\000h\000i\000q\000u\000e}{section.2.6}% 37
\BOOKMARK [3][-]{section*.14}{\376\377\000P\000r\000i\000n\000c\000i\000p\000e}{subsection.2.6.1}% 38
\BOOKMARK [3][-]{section*.15}{\376\377\000A\000v\000a\000n\000t\000a\000g\000e\000s}{subsection.2.6.1}% 39
\BOOKMARK [3][-]{section*.16}{\376\377\000I\000n\000c\000o\000n\000v\000\351\000n\000i\000e\000n\000t\000s}{subsection.2.6.1}% 40
\BOOKMARK [3][-]{section*.17}{\376\377\000C\000a\000s\000\040\000d\040\031\000u\000t\000i\000l\000i\000s\000a\000t\000i\000o\000n}{subsection.2.6.1}% 41
\BOOKMARK [2][-]{subsection.2.6.2}{\376\377\000A\000r\000c\000h\000i\000t\000e\000c\000t\000u\000r\000e\000\040\000m\000i\000c\000r\000o\000s\000e\000r\000v\000i\000c\000e\000s}{section.2.6}% 42
\BOOKMARK [3][-]{section*.18}{\376\377\000P\000r\000i\000n\000c\000i\000p\000e}{subsection.2.6.2}% 43
\BOOKMARK [3][-]{section*.19}{\376\377\000A\000v\000a\000n\000t\000a\000g\000e\000s}{subsection.2.6.2}% 44
\BOOKMARK [3][-]{section*.20}{\376\377\000I\000n\000c\000o\000n\000v\000\351\000n\000i\000e\000n\000t\000s}{subsection.2.6.2}% 45
\BOOKMARK [3][-]{section*.21}{\376\377\000C\000a\000s\000\040\000d\040\031\000u\000t\000i\000l\000i\000s\000a\000t\000i\000o\000n}{subsection.2.6.2}% 46
\BOOKMARK [2][-]{subsection.2.6.3}{\376\377\000C\000o\000m\000p\000a\000r\000a\000i\000s\000o\000n\000\040\000e\000n\000t\000r\000e\000\040\000a\000r\000c\000h\000i\000t\000e\000c\000t\000u\000r\000e\000\040\000m\000o\000n\000o\000l\000i\000t\000h\000i\000q\000u\000e\000\040\000e\000t\000\040\000m\000i\000c\000r\000o\000s\000e\000r\000v\000i\000c\000e\000s}{section.2.6}% 47
\BOOKMARK [2][-]{subsection.2.6.4}{\376\377\000C\000h\000o\000i\000x\000\040\000d\000e\000\040\000l\040\031\000a\000r\000c\000h\000i\000t\000e\000c\000t\000u\000r\000e\000\040\000d\000u\000\040\000p\000r\000o\000j\000e\000t}{section.2.6}% 48
\BOOKMARK [3][-]{section*.22}{\376\377\000J\000u\000s\000t\000i\000f\000i\000c\000a\000t\000i\000o\000n\000\040\000d\000u\000\040\000c\000h\000o\000i\000x\000\040\000d\000e\000\040\000l\040\031\000a\000r\000c\000h\000i\000t\000e\000c\000t\000u\000r\000e\000\040\000m\000i\000c\000r\000o\000s\000e\000r\000v\000i\000c\000e\000s}{subsection.2.6.4}% 49
\BOOKMARK [3][-]{section*.23}{\376\377\000P\000r\000\351\000s\000e\000n\000t\000a\000t\000i\000o\000n\000\040\000d\000e\000\040\000n\000o\000t\000r\000e\000\040\000a\000r\000c\000h\000i\000t\000e\000c\000t\000u\000r\000e}{subsection.2.6.4}% 50
\BOOKMARK [1][-]{section.2.7}{\376\377\000S\000t\000a\000c\000k\000\040\000t\000e\000c\000h\000n\000o\000l\000o\000g\000i\000q\000u\000e\000\040\000e\000t\000\040\000o\000u\000t\000i\000l\000s\000\040\000d\000e\000\040\000d\000\351\000v\000e\000l\000o\000p\000p\000e\000m\000e\000n\000t}{chapter.2}% 51
\BOOKMARK [2][-]{subsection.2.7.1}{\376\377\000O\000u\000t\000i\000l\000s\000\040\000e\000t\000\040\000e\000n\000v\000i\000r\000o\000n\000n\000e\000m\000e\000n\000t\000\040\000d\000e\000\040\000d\000\351\000v\000e\000l\000o\000p\000p\000e\000m\000e\000n\000t}{section.2.7}% 52
\BOOKMARK [3][-]{section*.24}{\376\377\000S\000l\000a\000c\000k}{subsection.2.7.1}% 53
\BOOKMARK [3][-]{section*.25}{\376\377\000d\000r\000a\000w\000.\000i\000o}{subsection.2.7.1}% 54
\BOOKMARK [3][-]{section*.26}{\376\377\000F\000i\000g\000m\000a}{subsection.2.7.1}% 55
\BOOKMARK [3][-]{section*.27}{\376\377\000V\000i\000s\000u\000a\000l\000\040\000S\000t\000u\000d\000i\000o\000\040\000C\000o\000d\000e}{subsection.2.7.1}% 56
\BOOKMARK [3][-]{section*.28}{\376\377\000G\000i\000t\000\040\000e\000t\000\040\000G\000i\000t\000H\000u\000b}{subsection.2.7.1}% 57
\BOOKMARK [3][-]{section*.29}{\376\377\000G\000i\000t\000H\000u\000b\000\040\000A\000c\000t\000i\000o\000n\000s}{subsection.2.7.1}% 58
\BOOKMARK [2][-]{subsection.2.7.2}{\376\377\000S\000t\000a\000c\000k\000\040\000t\000e\000c\000h\000n\000o\000l\000o\000g\000i\000q\000u\000e}{section.2.7}% 59
\BOOKMARK [3][-]{section*.30}{\376\377\000T\000y\000p\000e\000S\000c\000r\000i\000p\000t}{subsection.2.7.2}% 60
\BOOKMARK [3][-]{section*.31}{\376\377\000N\000e\000x\000t\000.\000j\000s}{subsection.2.7.2}% 61
\BOOKMARK [3][-]{section*.32}{\376\377\000T\000a\000i\000l\000w\000i\000n\000d\000\040\000C\000S\000S}{subsection.2.7.2}% 62
\BOOKMARK [3][-]{section*.33}{\376\377\000G\000o\000\040\000e\000t\000\040\000F\000i\000b\000e\000r}{subsection.2.7.2}% 63
\BOOKMARK [3][-]{section*.34}{\376\377\000N\000e\000o\000n\000\040\000P\000o\000s\000t\000g\000r\000e\000S\000Q\000L}{subsection.2.7.2}% 64
\BOOKMARK [3][-]{section*.35}{\376\377\000P\000o\000s\000t\000m\000a\000n}{subsection.2.7.2}% 65
\BOOKMARK [3][-]{section*.36}{\376\377\000R\000a\000b\000b\000i\000t\000M\000Q}{subsection.2.7.2}% 66
\BOOKMARK [3][-]{section*.37}{\376\377\000D\000o\000c\000k\000e\000r}{subsection.2.7.2}% 67
\BOOKMARK [3][-]{section*.38}{\376\377\000K\000u\000b\000e\000r\000n\000e\000t\000e\000s}{subsection.2.7.2}% 68
\BOOKMARK [1][-]{section.2.8}{\376\377\000P\000i\000l\000o\000t\000a\000g\000e\000\040\000d\000u\000\040\000p\000r\000o\000j\000e\000t\000\040\000:\000\040\000m\000\351\000t\000h\000o\000d\000e\000\040\000S\000c\000r\000u\000m}{chapter.2}% 69
\BOOKMARK [2][-]{subsection.2.8.1}{\376\377\000\311\000q\000u\000i\000p\000e\000\040\000e\000t\000\040\000r\000\364\000l\000e\000s}{section.2.8}% 70
\BOOKMARK [2][-]{subsection.2.8.2}{\376\377\000B\000a\000c\000k\000l\000o\000g\000\040\000p\000r\000o\000d\000u\000i\000t}{section.2.8}% 71
\BOOKMARK [2][-]{subsection.2.8.3}{\376\377\000M\000\351\000t\000h\000o\000d\000e\000\040\000d\000e\000\040\000p\000r\000i\000o\000r\000i\000s\000a\000t\000i\000o\000n\000\040\000M\000o\000S\000C\000o\000W}{section.2.8}% 72
\BOOKMARK [2][-]{subsection.2.8.4}{\376\377\000P\000l\000a\000n\000i\000f\000i\000c\000a\000t\000i\000o\000n\000\040\000d\000e\000s\000\040\000s\000p\000r\000i\000n\000t\000s\000\040\000e\000t\000\040\000d\000e\000s\000\040\000r\000e\000l\000e\000a\000s\000e\000s}{section.2.8}% 73
\BOOKMARK [1][-]{section.2.9}{\376\377\000C\000o\000n\000c\000l\000u\000s\000i\000o\000n}{chapter.2}% 74
\BOOKMARK [0][-]{chapter.3}{\376\377\000R\000e\000l\000e\000a\000s\000e\000\040\0001\000\040\000:\000\040\000A\000n\000i\000H\000u\000b\000\040\000p\000a\000r\000t\000i\000e\000\040\0001\000\040}{}% 75
\BOOKMARK [1][-]{section.3.1}{\376\377\000I\000n\000t\000r\000o\000d\000u\000c\000t\000i\000o\000n}{chapter.3}% 76
\BOOKMARK [1][-]{section.3.2}{\376\377\000S\000p\000r\000i\000n\000t\000\040\0001\000\040\000:\000\040\000A\000u\000t\000h\000e\000n\000t\000i\000f\000i\000c\000a\000t\000i\000o\000n\000\040\000e\000t\000\040\000a\000d\000m\000i\000n\000i\000s\000t\000r\000a\000t\000i\000o\000n}{chapter.3}% 77
\BOOKMARK [2][-]{subsection.3.2.1}{\376\377\000S\000p\000r\000i\000n\000t\000\040\000b\000a\000c\000k\000l\000o\000g}{section.3.2}% 78
\BOOKMARK [2][-]{subsection.3.2.2}{\376\377\000D\000i\000a\000g\000r\000a\000m\000m\000e\000\040\000d\000e\000s\000\040\000c\000a\000s\000\040\000d\040\031\000u\000t\000i\000l\000i\000s\000a\000t\000i\000o\000n\000\040\000d\000u\000\040\000s\000p\000r\000i\000n\000t\000\040\0001}{section.3.2}% 79
\BOOKMARK [2][-]{subsection.3.2.3}{\376\377\000D\000e\000s\000c\000r\000i\000p\000t\000i\000o\000n\000s\000\040\000t\000e\000x\000t\000u\000e\000l\000l\000e\000s\000\040\000d\000e\000s\000\040\000c\000a\000s\000\040\000d\040\031\000u\000t\000i\000l\000i\000s\000a\000t\000i\000o\000n\000\040\000d\000u\000\040\000s\000p\000r\000i\000n\000t\000\040\0001}{section.3.2}% 80
\BOOKMARK [3][-]{section*.39}{\376\377\000D\000e\000s\000c\000r\000i\000p\000t\000i\000o\000n\000\040\000t\000e\000x\000t\000u\000e\000l\000l\000e\000\040\000d\000u\000\040\000c\000a\000s\000\040\000d\040\031\000u\000t\000i\000l\000i\000s\000a\000t\000i\000o\000n\000\040\000\253\000\040\000S\040\031\000i\000n\000s\000c\000r\000i\000r\000e\000\040\000\273}{subsection.3.2.3}% 81
\BOOKMARK [3][-]{section*.40}{\376\377\000D\000e\000s\000c\000r\000i\000p\000t\000i\000o\000n\000\040\000t\000e\000x\000t\000u\000e\000l\000l\000e\000\040\000d\000u\000\040\000c\000a\000s\000\040\000d\040\031\000u\000t\000i\000l\000i\000s\000a\000t\000i\000o\000n\000\040\000\253\000\040\000S\000e\000\040\000c\000o\000n\000n\000e\000c\000t\000e\000r\000\040\000\273}{subsection.3.2.3}% 82
\BOOKMARK [3][-]{section*.41}{\376\377\000D\000e\000s\000c\000r\000i\000p\000t\000i\000o\000n\000\040\000t\000e\000x\000t\000u\000e\000l\000l\000e\000\040\000d\000u\000\040\000c\000a\000s\000\040\000d\040\031\000u\000t\000i\000l\000i\000s\000a\000t\000i\000o\000n\000\040\000\253\000\040\000G\000\351\000r\000e\000r\000\040\000s\000o\000n\000\040\000p\000r\000o\000f\000i\000l\000\040\000\273}{subsection.3.2.3}% 83
\BOOKMARK [3][-]{section*.42}{\376\377\000D\000e\000s\000c\000r\000i\000p\000t\000i\000o\000n\000\040\000t\000e\000x\000t\000u\000e\000l\000l\000e\000\040\000d\000u\000\040\000c\000a\000s\000\040\000d\040\031\000u\000t\000i\000l\000i\000s\000a\000t\000i\000o\000n\000\040\000\253\000\040\000G\000\351\000r\000e\000r\000\040\000l\000e\000s\000\040\000u\000t\000i\000l\000i\000s\000a\000t\000e\000u\000r\000s\000\040\000\273}{subsection.3.2.3}% 84
\BOOKMARK [3][-]{section*.43}{\376\377\000D\000e\000s\000c\000r\000i\000p\000t\000i\000o\000n\000\040\000t\000e\000x\000t\000u\000e\000l\000l\000e\000\040\000d\000u\000\040\000c\000a\000s\000\040\000d\040\031\000u\000t\000i\000l\000i\000s\000a\000t\000i\000o\000n\000\040\000\253\000\040\000G\000\351\000r\000e\000r\000\040\000l\000e\000s\000\040\000a\000n\000n\000o\000n\000c\000e\000s\000\040\000\273}{subsection.3.2.3}% 85
\BOOKMARK [2][-]{subsection.3.2.4}{\376\377\000D\000i\000a\000g\000r\000a\000m\000m\000e\000s\000\040\000d\000e\000s\000\040\000c\000l\000a\000s\000s\000e\000s\000\040\000d\000u\000\040\000s\000p\000r\000i\000n\000t\000\040\0001}{section.3.2}% 86
\BOOKMARK [2][-]{subsection.3.2.5}{\376\377\000D\000i\000a\000g\000r\000a\000m\000m\000e\000s\000\040\000d\000e\000\040\000s\000\351\000q\000u\000e\000n\000c\000e\000s\000\040\000d\000u\000\040\000s\000p\000r\000i\000n\000t\000\040\0001}{section.3.2}% 87
\BOOKMARK [3][-]{section*.44}{\376\377\000D\000i\000a\000g\000r\000a\000m\000m\000e\000\040\000d\000e\000\040\000s\000\351\000q\000u\000e\000n\000c\000e\000\040\000:\000\040\000i\000n\000s\000c\000r\000i\000p\000t\000i\000o\000n}{subsection.3.2.5}% 88
\BOOKMARK [3][-]{section*.45}{\376\377\000D\000i\000a\000g\000r\000a\000m\000m\000e\000\040\000d\000e\000\040\000s\000\351\000q\000u\000e\000n\000c\000e\000\040\000:\000\040\000c\000o\000n\000n\000e\000x\000i\000o\000n}{subsection.3.2.5}% 89
\BOOKMARK [3][-]{section*.46}{\376\377\000D\000i\000a\000g\000r\000a\000m\000m\000e\000\040\000d\000e\000\040\000s\000\351\000q\000u\000e\000n\000c\000e\000\040\000:\000\040\000g\000e\000s\000t\000i\000o\000n\000\040\000d\000e\000s\000\040\000u\000t\000i\000l\000i\000s\000a\000t\000e\000u\000r\000s}{subsection.3.2.5}% 90
\BOOKMARK [3][-]{section*.47}{\376\377\000D\000i\000a\000g\000r\000a\000m\000m\000e\000\040\000d\000e\000\040\000s\000\351\000q\000u\000e\000n\000c\000e\000\040\000:\000\040\000g\000e\000s\000t\000i\000o\000n\000\040\000d\000e\000s\000\040\000a\000n\000n\000o\000n\000c\000e\000s}{subsection.3.2.5}% 91
\BOOKMARK [2][-]{subsection.3.2.6}{\376\377\000R\000\351\000a\000l\000i\000s\000a\000t\000i\000o\000n\000\040\000s\000u\000\040\000s\000p\000r\000i\000n\000t\000\040\0001\000\040}{section.3.2}% 92
\BOOKMARK [3][-]{section*.48}{\376\377\000P\000a\000g\000e\000\040\000d\040\031\000a\000c\000c\000u\000e\000i\000l\000\040\000A\000n\000i\000H\000u\000b}{subsection.3.2.6}% 93
\BOOKMARK [3][-]{section*.49}{\376\377\000I\000n\000t\000e\000r\000f\000a\000c\000e\000\040\000d\000'\000i\000n\000s\000c\000r\000i\000p\000t\000i\000o\000n}{subsection.3.2.6}% 94
\BOOKMARK [3][-]{section*.50}{\376\377\000I\000n\000t\000e\000r\000f\000a\000c\000e\000\040\000d\000e\000\040\000c\000o\000n\000n\000e\000x\000i\000o\000n}{subsection.3.2.6}% 95
\BOOKMARK [3][-]{section*.51}{\376\377\000I\000n\000t\000e\000r\000f\000a\000c\000e\000\040\000d\000u\000\040\000p\000r\000o\000f\000i\000l\000\040\000u\000t\000i\000l\000i\000s\000a\000t\000e\000u\000r}{subsection.3.2.6}% 96
\BOOKMARK [3][-]{section*.52}{\376\377\000I\000n\000t\000e\000r\000f\000a\000c\000e\000\040\000d\000u\000\040\000t\000a\000b\000l\000e\000a\000u\000\040\000d\000e\000\040\000b\000o\000r\000d\000\040\000a\000d\000m\000i\000n\000i\000s\000t\000r\000a\000t\000e\000u\000r}{subsection.3.2.6}% 97
\BOOKMARK [3][-]{section*.53}{\376\377\000I\000n\000t\000e\000r\000f\000a\000c\000e\000\040\000d\000e\000\040\000g\000e\000s\000t\000i\000o\000n\000\040\000d\000e\000s\000\040\000u\000t\000i\000l\000i\000s\000a\000t\000e\000u\000r\000s}{subsection.3.2.6}% 98
\BOOKMARK [3][-]{section*.54}{\376\377\000I\000n\000t\000e\000r\000f\000a\000c\000e\000s\000\040\000d\040\031\000a\000d\000m\000i\000n\000i\000s\000t\000r\000a\000t\000i\000o\000n\000\040\000p\000o\000u\000r\000\040\000l\000e\000\040\000m\000o\000d\000u\000l\000e\000\040\000A\000n\000i\000M\000a\000t\000c\000h\000\040\000a\000v\000e\000c\000\040\000s\000t\000a\000t\000i\000s\000t\000i\000q\000u\000e\000s}{subsection.3.2.6}% 99
\BOOKMARK [3][-]{section*.55}{\376\377\000I\000n\000t\000e\000r\000f\000a\000c\000e\000s\000\040\000d\040\031\000a\000d\000m\000i\000n\000i\000s\000t\000r\000a\000t\000i\000o\000n\000\040\000p\000o\000u\000r\000\040\000l\000e\000\040\000m\000o\000d\000u\000l\000e\000\040\000A\000n\000i\000F\000o\000u\000n\000d\000\040\000a\000v\000e\000c\000\040\000s\000t\000a\000t\000i\000s\000t\000i\000q\000u\000e\000s}{subsection.3.2.6}% 100
\BOOKMARK [3][-]{section*.56}{\376\377\000I\000n\000t\000e\000r\000f\000a\000c\000e\000s\000\040\000d\040\031\000a\000d\000m\000i\000n\000i\000s\000t\000r\000a\000t\000i\000o\000n\000\040\000p\000o\000u\000r\000\040\000l\000e\000\040\000m\000o\000d\000u\000l\000e\000\040\000A\000n\000i\000M\000a\000r\000k\000e\000t\000\040\000a\000v\000e\000c\000\040\000s\000t\000a\000t\000i\000s\000t\000i\000q\000u\000e\000s}{subsection.3.2.6}% 101
\BOOKMARK [3][-]{section*.57}{\376\377\000I\000n\000t\000e\000r\000f\000a\000c\000e\000\040\000d\040\031\000a\000d\000m\000i\000n\000i\000s\000t\000r\000a\000t\000i\000o\000n\000\040\000A\000n\000i\000C\000a\000r\000e\000\040\000:\000\040\000g\000e\000s\000t\000i\000o\000n\000\040\000d\000e\000s\000\040\000s\000e\000r\000v\000i\000c\000e\000s}{subsection.3.2.6}% 102
\BOOKMARK [3][-]{section*.58}{\376\377\000I\000n\000t\000e\000r\000f\000a\000c\000e\000\040\000d\040\031\000a\000d\000m\000i\000n\000i\000s\000t\000r\000a\000t\000i\000o\000n\000\040\000A\000n\000i\000C\000a\000r\000e\000\040\000:\000\040\000v\000\351\000r\000i\000f\000i\000c\000a\000t\000i\000o\000n\000\040\000d\000e\000s\000\040\000s\000e\000r\000v\000i\000c\000e\000s}{subsection.3.2.6}% 103
\BOOKMARK [3][-]{section*.59}{\376\377\000I\000n\000t\000e\000r\000f\000a\000c\000e\000s\000\040\000d\040\031\000a\000d\000m\000i\000n\000i\000s\000t\000r\000a\000t\000i\000o\000n\000\040\000A\000n\000i\000C\000a\000r\000e\000\040\000:\000\040\000s\000t\000a\000t\000i\000s\000t\000i\000q\000u\000e\000s\000\040\000A\000n\000i\000C\000a\000r\000e}{subsection.3.2.6}% 104
\BOOKMARK [1][-]{section.3.3}{\376\377\000S\000p\000r\000i\000n\000t\000\040\0002\000\040\000:\000\040\000M\000o\000d\000u\000l\000e\000\040\000A\000n\000i\000M\000a\000t\000c\000h}{chapter.3}% 105
\BOOKMARK [2][-]{subsection.3.3.1}{\376\377\000S\000p\000r\000i\000n\000t\000\040\000b\000a\000c\000k\000l\000o\000g}{section.3.3}% 106
\BOOKMARK [2][-]{subsection.3.3.2}{\376\377\000D\000i\000a\000g\000r\000a\000m\000m\000e\000\040\000d\000e\000s\000\040\000c\000a\000s\000\040\000d\040\031\000u\000t\000i\000l\000i\000s\000a\000t\000i\000o\000n\000\040\000d\000u\000\040\000s\000p\000r\000i\000n\000t\000\040\0002}{section.3.3}% 107
\BOOKMARK [2][-]{subsection.3.3.3}{\376\377\000D\000e\000s\000c\000r\000i\000p\000t\000i\000o\000n\000s\000\040\000t\000e\000x\000t\000u\000e\000l\000l\000e\000s\000\040\000d\000e\000s\000\040\000c\000a\000s\000\040\000d\040\031\000u\000t\000i\000l\000i\000s\000a\000t\000i\000o\000n\000\040\000d\000u\000\040\000s\000p\000r\000i\000n\000t\000\040\0002}{section.3.3}% 108
\BOOKMARK [3][-]{section*.60}{\376\377\000\040\000D\000e\000s\000c\000r\000i\000p\000t\000i\000o\000n\000\040\000t\000e\000x\000t\000u\000e\000l\000l\000e\000\040\000d\000u\000\040\000c\000a\000s\000\040\000d\040\031\000u\000t\000i\000l\000i\000s\000a\000t\000i\000o\000n\000\040\000\253\000C\000o\000n\000s\000u\000l\000t\000e\000r\000\040\000l\000e\000s\000\040\000a\000n\000i\000m\000a\000u\000x\000\040\000p\000o\000u\000r\000\040\000a\000d\000o\000p\000t\000i\000o\000n\000\040\000e\000t\000\040\000a\000c\000c\000o\000u\000p\000l\000e\000m\000e\000n\000t\000\273\000\040}{subsection.3.3.3}% 109
\BOOKMARK [3][-]{section*.61}{\376\377\000D\000e\000s\000c\000r\000i\000p\000t\000i\000o\000n\000\040\000t\000e\000x\000t\000u\000e\000l\000l\000e\000\040\000d\000u\000\040\000c\000a\000s\000\040\000d\040\031\000u\000t\000i\000l\000i\000s\000a\000t\000i\000o\000n\000\040\000\253\000G\000\351\000r\000e\000r\000\040\000l\000e\000s\000\040\000a\000n\000n\000o\000n\000c\000e\000s\000\040\000d\000a\000n\000s\000\040\000A\000n\000i\000M\000a\000t\000c\000h\000\273}{subsection.3.3.3}% 110
\BOOKMARK [3][-]{section*.62}{\376\377\000\040\000D\000e\000s\000c\000r\000i\000p\000t\000i\000o\000n\000\040\000t\000e\000x\000t\000u\000e\000l\000l\000e\000\040\000d\000u\000\040\000c\000a\000s\000\040\000d\040\031\000u\000t\000i\000l\000i\000s\000a\000t\000i\000o\000n\000\040\000\253\000G\000\351\000r\000e\000r\000\040\000l\000e\000s\000\040\000i\000n\000v\000i\000t\000a\000t\000i\000o\000n\000s\000\040\000r\000e\000\347\000u\000e\000s\000\273\000\040}{subsection.3.3.3}% 111
\BOOKMARK [2][-]{subsection.3.3.4}{\376\377\000D\000i\000a\000g\000r\000a\000m\000m\000e\000\040\000d\000e\000\040\000c\000l\000a\000s\000s\000e\000s\000\040\000d\000u\000\040\000s\000p\000r\000i\000n\000t\000\040\0002}{section.3.3}% 112
\BOOKMARK [2][-]{subsection.3.3.5}{\376\377\000D\000i\000a\000g\000r\000a\000m\000m\000e\000s\000\040\000d\000e\000\040\000s\000\351\000q\000u\000e\000n\000c\000e\000s\000\040\000d\000u\000\040\000s\000p\000r\000i\000n\000t\000\040\0002}{section.3.3}% 113
\BOOKMARK [3][-]{section*.63}{\376\377\000D\000i\000a\000g\000r\000a\000m\000m\000e\000\040\000d\000e\000\040\000s\000\351\000q\000u\000e\000n\000c\000e\000\040\000:\000\040\000G\000\351\000r\000e\000r\000\040\000m\000e\000s\000\040\000a\000n\000i\000m\000a\000u\000x\000\040\000p\000o\000u\000r\000\040\000a\000c\000c\000o\000u\000p\000l\000e\000m\000e\000n\000t\000\040\000e\000t\000\040\000p\000o\000u\000r\000\040\000a\000d\000o\000p\000t\000i\000o\000n}{subsection.3.3.5}% 114
\BOOKMARK [3][-]{section*.64}{\376\377\000D\000i\000a\000g\000r\000a\000m\000m\000e\000\040\000d\000e\000\040\000s\000\351\000q\000u\000e\000n\000c\000e\000\040\000:\000\040\000g\000\351\000r\000e\000r\000\040\000m\000e\000s\000\040\000i\000n\000v\000i\000t\000a\000t\000i\000o\000n\000s\000\040\000r\000e\000\347\000u\000e\000s}{subsection.3.3.5}% 115
\BOOKMARK [3][-]{section*.65}{\376\377\000D\000i\000a\000g\000r\000a\000m\000m\000e\000\040\000d\000e\000\040\000s\000\351\000q\000u\000e\000n\000c\000e\000\040\000:\000\040\000g\000\351\000r\000e\000r\000\040\000m\000e\000s\000\040\000i\000n\000v\000i\000t\000a\000t\000i\000o\000n\000s\000\040\000e\000n\000v\000o\000y\000\351\000e\000s}{subsection.3.3.5}% 116
\BOOKMARK [2][-]{subsection.3.3.6}{\376\377\000R\000\351\000a\000l\000i\000s\000a\000t\000i\000o\000n\000\040\000d\000u\000\040\000s\000p\000r\000i\000n\000t\000\040\0002}{section.3.3}% 117
\BOOKMARK [3][-]{section*.66}{\376\377\000I\000n\000t\000e\000r\000f\000a\000c\000e\000s\000\040\000d\040\031\000a\000c\000c\000u\000e\000i\000l\000\040\000e\000t\000\040\000m\000e\000n\000u\000\040\000p\000r\000i\000n\000c\000i\000p\000a\000l\000\040\000d\000e\000\040\000l\040\031\000a\000p\000p\000l\000i\000c\000a\000t\000i\000o\000n\000\040\000A\000n\000i\000H\000u\000b}{subsection.3.3.6}% 118
\BOOKMARK [3][-]{section*.67}{\376\377\000I\000n\000t\000e\000r\000f\000a\000c\000e\000\040\000d\040\031\000a\000c\000c\000u\000e\000i\000l\000\040\000A\000n\000i\000M\000a\000t\000c\000h}{subsection.3.3.6}% 119
\BOOKMARK [3][-]{section*.68}{\376\377\000I\000n\000t\000e\000r\000f\000a\000c\000e\000\040\000d\040\031\000a\000j\000o\000u\000t\000\040\000d\040\031\000u\000n\000e\000\040\000a\000n\000n\000o\000n\000c\000e\000\040\000d\040\031\000a\000c\000c\000o\000u\000p\000l\000e\000m\000e\000n\000t}{subsection.3.3.6}% 120
\BOOKMARK [3][-]{section*.69}{\376\377\000I\000n\000t\000e\000r\000f\000a\000c\000e\000\040\000d\000e\000s\000\040\000a\000n\000i\000m\000a\000u\000x\000\040\000p\000o\000u\000r\000\040\000a\000c\000c\000o\000u\000p\000l\000e\000m\000e\000n\000t}{subsection.3.3.6}% 121
\BOOKMARK [3][-]{section*.70}{\376\377\000I\000n\000t\000e\000r\000f\000a\000c\000e\000\040\000d\000e\000\040\000d\000\351\000t\000a\000i\000l\000s\000\040\000d\040\031\000u\000n\000e\000\040\000a\000n\000n\000o\000n\000c\000e\000\040\000d\040\031\000a\000c\000c\000o\000u\000p\000l\000e\000m\000e\000n\000t}{subsection.3.3.6}% 122
\BOOKMARK [3][-]{section*.71}{\376\377\000I\000n\000t\000e\000r\000f\000a\000c\000e\000\040\000d\040\031\000e\000n\000v\000o\000i\000\040\000d\040\031\000u\000n\000e\000\040\000i\000n\000v\000i\000t\000a\000t\000i\000o\000n\000\040\000d\040\031\000a\000c\000c\000o\000u\000p\000l\000e\000m\000e\000n\000t}{subsection.3.3.6}% 123
\BOOKMARK [3][-]{section*.72}{\376\377\000I\000n\000t\000e\000r\000f\000a\000c\000e\000\040\000d\000e\000s\000\040\000a\000v\000i\000s\000\040\000e\000t\000\040\000c\000o\000m\000m\000e\000n\000t\000a\000i\000r\000e\000s}{subsection.3.3.6}% 124
\BOOKMARK [3][-]{section*.73}{\376\377\000I\000n\000t\000e\000r\000f\000a\000c\000e\000\040\000d\000e\000\040\000g\000e\000s\000t\000i\000o\000n\000\040\000d\000u\000\040\000p\000r\000o\000f\000i\000l}{subsection.3.3.6}% 125
\BOOKMARK [3][-]{section*.74}{\376\377\000I\000n\000t\000e\000r\000f\000a\000c\000e\000\040\000d\000e\000\040\000g\000e\000s\000t\000i\000o\000n\000\040\000d\000e\000\040\000m\000e\000s\000\040\000a\000n\000i\000m\000a\000u\000x\000\040\000\050\000m\000o\000d\000i\000f\000i\000c\000a\000t\000i\000o\000n\000\040\000e\000t\000\040\000s\000u\000p\000p\000r\000e\000s\000s\000i\000o\000n\000\051}{subsection.3.3.6}% 126
\BOOKMARK [3][-]{section*.75}{\376\377\000I\000n\000t\000e\000r\000f\000a\000c\000e\000\040\000d\000e\000\040\000g\000e\000s\000t\000i\000o\000n\000\040\000d\000e\000\040\000m\000e\000s\000\040\000i\000n\000v\000i\000t\000a\000t\000i\000o\000n\000s\000\040\000\050\000a\000c\000c\000o\000u\000p\000l\000e\000m\000e\000n\000t\000\040\000e\000t\000\040\000a\000d\000o\000p\000t\000i\000o\000n\000\051}{subsection.3.3.6}% 127
\BOOKMARK [3][-]{section*.76}{\376\377\000I\000n\000t\000e\000r\000f\000a\000c\000e\000\040\000d\000e\000\040\000d\000\351\000t\000a\000i\000l\000s\000\040\000d\040\031\000u\000n\000e\000\040\000i\000n\000v\000i\000t\000a\000t\000i\000o\000n\000\040\000d\040\031\000a\000c\000c\000o\000u\000p\000l\000e\000m\000e\000n\000t}{subsection.3.3.6}% 128
\BOOKMARK [1][-]{section.3.4}{\376\377\000S\000p\000r\000i\000n\000t\000\040\0003\000\040\000:\000\040\000M\000o\000d\000u\000l\000e\000\040\000A\000n\000i\000F\000o\000u\000n\000d}{chapter.3}% 129
\BOOKMARK [2][-]{subsection.3.4.1}{\376\377\000S\000p\000r\000i\000n\000t\000\040\000b\000a\000c\000k\000l\000o\000g}{section.3.4}% 130
\BOOKMARK [2][-]{subsection.3.4.2}{\376\377\000D\000i\000a\000g\000r\000a\000m\000m\000e\000\040\000d\000e\000s\000\040\000c\000a\000s\000\040\000d\040\031\000u\000t\000i\000l\000i\000s\000a\000t\000i\000o\000n\000\040\000d\000u\000\040\000s\000p\000r\000i\000n\000t\000\040\0003}{section.3.4}% 131
\BOOKMARK [2][-]{subsection.3.4.3}{\376\377\000D\000e\000s\000c\000r\000i\000p\000t\000i\000o\000n\000s\000\040\000t\000e\000x\000t\000u\000e\000l\000l\000e\000s\000\040\000d\000e\000s\000\040\000c\000a\000s\000\040\000d\040\031\000u\000t\000i\000l\000i\000s\000a\000t\000i\000o\000n\000\040\000d\000u\000\040\000s\000p\000r\000i\000n\000t\000\040\0003}{section.3.4}% 132
\BOOKMARK [3][-]{section*.77}{\376\377\000\040\000D\000e\000s\000c\000r\000i\000p\000t\000i\000o\000n\000\040\000t\000e\000x\000t\000u\000e\000l\000l\000e\000\040\000d\000u\000\040\000c\000a\000s\000\040\000d\040\031\000u\000t\000i\000l\000i\000s\000a\000t\000i\000o\000n\000\040\000\253\000C\000o\000n\000s\000u\000l\000t\000e\000r\000\040\000d\000\351\000c\000l\000a\000r\000a\000t\000i\000o\000n\000s\000\040\000d\000e\000\040\000p\000e\000r\000t\000e\000\040\000e\000t\000\040\000d\000e\000\040\000t\000r\000o\000u\000v\000a\000i\000l\000l\000e\000\040\000\273\000\040}{subsection.3.4.3}% 133
\BOOKMARK [3][-]{section*.78}{\376\377\000D\000e\000s\000c\000r\000i\000p\000t\000i\000o\000n\000\040\000t\000e\000x\000t\000u\000e\000l\000l\000e\000\040\000d\000u\000\040\000c\000a\000s\000\040\000d\040\031\000u\000t\000i\000l\000i\000s\000a\000t\000i\000o\000n\000\040\000\253\000G\000\351\000r\000e\000r\000\040\000d\000\351\000c\000l\000a\000r\000a\000t\000i\000o\000n\000s\000\040\000d\000e\000\040\000p\000e\000r\000t\000e\000\040\000e\000t\000\040\000d\000e\000\040\000t\000r\000o\000u\000v\000a\000i\000l\000l\000e\000\273}{subsection.3.4.3}% 134
\BOOKMARK [3][-]{section*.79}{\376\377\000\040\000D\000e\000s\000c\000r\000i\000p\000t\000i\000o\000n\000\040\000t\000e\000x\000t\000u\000e\000l\000l\000e\000\040\000d\000e\000s\000\040\000c\000a\000s\000\040\000d\040\031\000u\000t\000i\000l\000i\000s\000a\000t\000i\000o\000n\000\040\000\253\000G\000\351\000r\000e\000r\000\040\000l\000e\000s\000\040\000i\000n\000d\000i\000c\000e\000s\000\040\000r\000e\000\347\000u\000s\000\040\000e\000t\000\040\000e\000n\000v\000o\000y\000\351\000s\000\273\000\040}{subsection.3.4.3}% 135
\BOOKMARK [2][-]{subsection.3.4.4}{\376\377\000D\000i\000a\000g\000r\000a\000m\000m\000e\000\040\000d\000e\000\040\000c\000l\000a\000s\000s\000e\000s\000\040\000d\000u\000\040\000s\000p\000r\000i\000n\000t\000\040\0003}{section.3.4}% 136
\BOOKMARK [2][-]{subsection.3.4.5}{\376\377\000D\000i\000a\000g\000r\000a\000m\000m\000e\000s\000\040\000d\000e\000\040\000s\000\351\000q\000u\000e\000n\000c\000e\000s\000\040\000d\000u\000\040\000s\000p\000r\000i\000n\000t\000\040\0003}{section.3.4}% 137
\BOOKMARK [3][-]{section*.80}{\376\377\000D\000i\000a\000g\000r\000a\000m\000m\000e\000\040\000d\000e\000\040\000s\000\351\000q\000u\000e\000n\000c\000e\000\040\000:\000\040\000g\000\351\000r\000e\000r\000\040\000m\000e\000s\000\040\000d\000\351\000c\000l\000a\000r\000a\000t\000i\000o\000n\000s\000\040\000d\000e\000\040\000p\000e\000r\000t\000e\000\040\000o\000u\000\040\000d\000e\000\040\000t\000r\000o\000u\000v\000a\000i\000l\000l\000e}{subsection.3.4.5}% 138
\BOOKMARK [3][-]{section*.81}{\376\377\000D\000i\000a\000g\000r\000a\000m\000m\000e\000\040\000d\000e\000\040\000s\000\351\000q\000u\000e\000n\000c\000e\000\040\000:\000\040\000g\000\351\000r\000e\000r\000\040\000m\000e\000s\000\040\000i\000n\000d\000i\000c\000e\000s\000\040\000r\000e\000\347\000u\000s}{subsection.3.4.5}% 139
\BOOKMARK [2][-]{subsection.3.4.6}{\376\377\000R\000\351\000a\000l\000i\000s\000a\000t\000i\000o\000n\000\040\000d\000u\000\040\000s\000p\000r\000i\000n\000t\000\040\0003\000\040}{section.3.4}% 140
\BOOKMARK [3][-]{section*.82}{\376\377\000M\000e\000n\000u\000\040\000p\000r\000i\000n\000c\000i\000p\000a\000l\000\040\000d\000e\000\040\000l\040\031\000a\000p\000p\000l\000i\000c\000a\000t\000i\000o\000n\000\040\000A\000n\000i\000H\000u\000b\000\040\000e\000t\000\040\000i\000n\000t\000e\000r\000f\000a\000c\000e\000\040\000d\040\031\000a\000c\000c\000u\000e\000i\000l\000\040\000A\000n\000i\000F\000o\000u\000n\000d}{subsection.3.4.6}% 141
\BOOKMARK [3][-]{section*.83}{\376\377\000I\000n\000t\000e\000r\000f\000a\000c\000e\000s\000\040\000d\040\031\000a\000n\000n\000o\000n\000c\000e\000\040\000d\000e\000\040\000p\000e\000r\000t\000e\000\040\000e\000t\000\040\000d\000e\000\040\000t\000r\000o\000u\000v\000a\000i\000l\000l\000e}{subsection.3.4.6}% 142
\BOOKMARK [3][-]{section*.84}{\376\377\000I\000n\000t\000e\000r\000f\000a\000c\000e\000\040\000d\000e\000s\000\040\000d\000\351\000c\000l\000a\000r\000a\000t\000i\000o\000n\000s\000\040\000d\000e\000\040\000t\000r\000o\000u\000v\000a\000i\000l\000l\000e}{subsection.3.4.6}% 143
\BOOKMARK [3][-]{section*.85}{\376\377\000I\000n\000t\000e\000r\000f\000a\000c\000e\000\040\000d\000e\000\040\000d\000\351\000t\000a\000i\000l\000s\000\040\000d\040\031\000u\000n\000e\000\040\000d\000\351\000c\000l\000a\000r\000a\000t\000i\000o\000n\000\040\000d\000e\000\040\000t\000r\000o\000u\000v\000a\000i\000l\000l\000e}{subsection.3.4.6}% 144
\BOOKMARK [3][-]{section*.86}{\376\377\000I\000n\000t\000e\000r\000f\000a\000c\000e\000\040\000d\040\031\000e\000n\000v\000o\000i\000\040\000d\040\031\000u\000n\000\040\000i\000n\000d\000i\000c\000e\000\040\000p\000o\000u\000r\000\040\000u\000n\000e\000\040\000d\000\351\000c\000l\000a\000r\000a\000t\000i\000o\000n\000\040\000d\000e\000\040\000t\000r\000o\000u\000v\000a\000i\000l\000l\000e}{subsection.3.4.6}% 145
\BOOKMARK [3][-]{section*.87}{\376\377\000I\000n\000t\000e\000r\000f\000a\000c\000e\000\040\000d\000e\000s\000\040\000d\000\351\000c\000l\000a\000r\000a\000t\000i\000o\000n\000s\000\040\000d\000e\000\040\000p\000e\000r\000t\000e}{subsection.3.4.6}% 146
\BOOKMARK [3][-]{section*.88}{\376\377\000I\000n\000t\000e\000r\000f\000a\000c\000e\000\040\000d\000e\000\040\000d\000\351\000t\000a\000i\000l\000s\000\040\000d\040\031\000u\000n\000e\000\040\000d\000\351\000c\000l\000a\000r\000a\000t\000i\000o\000n\000\040\000d\000e\000\040\000p\000e\000r\000t\000e}{subsection.3.4.6}% 147
\BOOKMARK [3][-]{section*.89}{\376\377\000I\000n\000t\000e\000r\000f\000a\000c\000e\000\040\000d\000e\000\040\000l\040\031\000e\000s\000p\000a\000c\000e\000\040\000A\000n\000i\000F\000o\000u\000n\000d\000\040\000e\000t\000\040\000g\000e\000s\000t\000i\000o\000n\000\040\000d\000u\000\040\000p\000r\000o\000f\000i\000l}{subsection.3.4.6}% 148
\BOOKMARK [3][-]{section*.90}{\376\377\000I\000n\000t\000e\000r\000f\000a\000c\000e\000\040\000d\000e\000\040\000g\000e\000s\000t\000i\000o\000n\000\040\000d\000e\000\040\000m\000e\000s\000\040\000d\000\351\000c\000l\000a\000r\000a\000t\000i\000o\000n\000s\000\040\000d\000e\000\040\000p\000e\000r\000t\000e\000\040\000e\000t\000\040\000d\000e\000\040\000t\000r\000o\000u\000v\000a\000i\000l\000l\000e}{subsection.3.4.6}% 149
\BOOKMARK [3][-]{section*.91}{\376\377\000I\000n\000t\000e\000r\000f\000a\000c\000e\000s\000\040\000d\000e\000\040\000m\000o\000d\000i\000f\000i\000c\000a\000t\000i\000o\000n\000\040\000e\000t\000\040\000s\000u\000p\000p\000r\000e\000s\000s\000i\000o\000n\000\040\000d\040\031\000u\000n\000e\000\040\000d\000\351\000c\000l\000a\000r\000a\000t\000i\000o\000n\000\040\000d\000e\000\040\000p\000e\000r\000t\000e\000\040\000o\000u\000\040\000d\000e\000\040\000t\000r\000o\000u\000v\000a\000i\000l\000l\000e}{subsection.3.4.6}% 150
\BOOKMARK [3][-]{section*.92}{\376\377\000I\000n\000t\000e\000r\000f\000a\000c\000e\000\040\000d\000e\000s\000\040\000n\000o\000t\000i\000f\000i\000c\000a\000t\000i\000o\000n\000s\000\040\000r\000e\000\347\000u\000e\000s}{subsection.3.4.6}% 151
\BOOKMARK [3][-]{section*.93}{\376\377\000I\000n\000t\000e\000r\000f\000a\000c\000e\000\040\000d\000e\000s\000\040\000i\000n\000d\000i\000c\000e\000s\000\040\000r\000e\000\347\000u\000s\000\040\000p\000o\000u\000r\000\040\000u\000n\000e\000\040\000d\000\351\000c\000l\000a\000r\000a\000t\000i\000o\000n\000\040\000d\000e\000\040\000t\000r\000o\000u\000v\000a\000i\000l\000l\000e}{subsection.3.4.6}% 152
\BOOKMARK [1][-]{section.3.5}{\376\377\000C\000o\000n\000c\000l\000u\000s\000i\000o\000n}{chapter.3}% 153
\BOOKMARK [0][-]{chapter.4}{\376\377\000R\000e\000l\000e\000a\000s\000e\000\040\0002\000\040\000:\000\040\000A\000n\000i\000H\000u\000b\000\040\000p\000a\000r\000t\000i\000e\000\040\0002\000\040}{}% 154
\BOOKMARK [1][-]{section.4.1}{\376\377\000I\000n\000t\000r\000o\000d\000u\000c\000t\000i\000o\000n}{chapter.4}% 155
\BOOKMARK [1][-]{section.4.2}{\376\377\000S\000p\000r\000i\000n\000t\000\040\0004\000\040\000:\000\040\000M\000o\000d\000u\000l\000e\000\040\000A\000n\000i\000M\000a\000r\000k\000e\000t}{chapter.4}% 156
\BOOKMARK [2][-]{subsection.4.2.1}{\376\377\000S\000p\000r\000i\000n\000t\000\040\000b\000a\000c\000k\000l\000o\000g}{section.4.2}% 157
\BOOKMARK [2][-]{subsection.4.2.2}{\376\377\000D\000i\000a\000g\000r\000a\000m\000m\000e\000\040\000d\000e\000s\000\040\000c\000a\000s\000\040\000d\040\031\000u\000t\000i\000l\000i\000s\000a\000t\000i\000o\000n\000\040\000d\000u\000\040\000s\000p\000r\000i\000n\000t\000\040\0004}{section.4.2}% 158
\BOOKMARK [2][-]{subsection.4.2.3}{\376\377\000D\000e\000s\000c\000r\000i\000p\000t\000i\000o\000n\000s\000\040\000t\000e\000x\000t\000u\000e\000l\000l\000e\000s\000\040\000d\000e\000s\000\040\000c\000a\000s\000\040\000d\040\031\000u\000t\000i\000l\000i\000s\000a\000t\000i\000o\000n\000\040\000d\000u\000\040\000s\000p\000r\000i\000n\000t\000\040\0004}{section.4.2}% 159
\BOOKMARK [3][-]{section*.94}{\376\377\000D\000e\000s\000c\000r\000i\000p\000t\000i\000o\000n\000\040\000t\000e\000x\000t\000u\000e\000l\000l\000e\000\040\000d\000u\000\040\000c\000a\000s\000\040\000d\040\031\000u\000t\000i\000l\000i\000s\000a\000t\000i\000o\000n\000\040\000\253\000\040\000C\000o\000n\000s\000u\000l\000t\000e\000r\000\040\000l\000e\000s\000\040\000a\000n\000i\000m\000a\000u\000x\000\040\000\340\000\040\000v\000e\000n\000d\000r\000e\000\040\000\050\000p\000r\000i\000x\000\040\000f\000i\000x\000e\000\040\000o\000u\000\040\000e\000n\000c\000h\000\350\000r\000e\000s\000\051\000\040\000\273}{subsection.4.2.3}% 160
\BOOKMARK [3][-]{section*.95}{\376\377\000D\000e\000s\000c\000r\000i\000p\000t\000i\000o\000n\000\040\000t\000e\000x\000t\000u\000e\000l\000l\000e\000\040\000d\000u\000\040\000c\000a\000s\000\040\000d\040\031\000u\000t\000i\000l\000i\000s\000a\000t\000i\000o\000n\000\040\000\253\000\040\000G\000\351\000r\000e\000r\000\040\000s\000e\000s\000\040\000o\000f\000f\000r\000e\000s\000\040\000e\000n\000v\000o\000y\000\351\000e\000s\000\040\000\273}{subsection.4.2.3}% 161
\BOOKMARK [3][-]{section*.96}{\376\377\000D\000e\000s\000c\000r\000i\000p\000t\000i\000o\000n\000\040\000t\000e\000x\000t\000u\000e\000l\000l\000e\000\040\000d\000u\000\040\000c\000a\000s\000\040\000d\040\031\000u\000t\000i\000l\000i\000s\000a\000t\000i\000o\000n\000\040\000\253\000\040\000G\000\351\000r\000e\000r\000\040\000m\000e\000s\000\040\000a\000n\000i\000m\000a\000u\000x\000\040\000\340\000\040\000v\000e\000n\000d\000r\000e\000\040\000\273}{subsection.4.2.3}% 162
\BOOKMARK [2][-]{subsection.4.2.4}{\376\377\000D\000i\000a\000g\000r\000a\000m\000m\000e\000\040\000d\000e\000s\000\040\000c\000l\000a\000s\000s\000e\000s\000\040\000d\000u\000\040\000s\000p\000r\000i\000n\000t\000\040\0004}{section.4.2}% 163
\BOOKMARK [2][-]{subsection.4.2.5}{\376\377\000D\000i\000a\000g\000r\000a\000m\000m\000e\000s\000\040\000d\000e\000\040\000s\000\351\000q\000u\000e\000n\000c\000e\000\040\000d\000u\000\040\000s\000p\000r\000i\000n\000t\000\040\0004}{section.4.2}% 164
\BOOKMARK [3][-]{section*.97}{\376\377\000D\000i\000a\000g\000r\000a\000m\000m\000e\000\040\000d\000e\000\040\000s\000\351\000q\000u\000e\000n\000c\000e\000\040\000:\000\040\000c\000o\000n\000s\000u\000l\000t\000a\000t\000i\000o\000n\000\040\000d\000e\000s\000\040\000a\000n\000i\000m\000a\000u\000x\000\040\000\340\000\040\000v\000e\000n\000d\000r\000e}{subsection.4.2.5}% 165
\BOOKMARK [3][-]{section*.98}{\376\377\000D\000i\000a\000g\000r\000a\000m\000m\000e\000\040\000d\000e\000\040\000s\000\351\000q\000u\000e\000n\000c\000e\000\040\000:\000\040\000g\000e\000s\000t\000i\000o\000n\000\040\000d\000e\000s\000\040\000a\000n\000i\000m\000a\000u\000x}{subsection.4.2.5}% 166
\BOOKMARK [2][-]{subsection.4.2.6}{\376\377\000R\000\351\000a\000l\000i\000s\000a\000t\000i\000o\000n\000\040\000d\000u\000\040\000s\000p\000r\000i\000n\000t\000\040\0004}{section.4.2}% 167
\BOOKMARK [3][-]{section*.99}{\376\377\000M\000e\000n\000u\000\040\000p\000r\000i\000n\000c\000i\000p\000a\000l\000\040\000d\000e\000\040\000l\040\031\000a\000p\000p\000l\000i\000c\000a\000t\000i\000o\000n\000\040\000A\000n\000i\000H\000u\000b\000\040\000e\000t\000\040\000i\000n\000t\000e\000r\000f\000a\000c\000e\000\040\000d\040\031\000a\000c\000c\000u\000e\000i\000l\000\040\000A\000n\000i\000M\000a\000r\000k\000e\000t}{subsection.4.2.6}% 168
\BOOKMARK [3][-]{section*.100}{\376\377\000I\000n\000t\000e\000r\000f\000a\000c\000e\000\040\000d\040\031\000a\000n\000n\000o\000n\000c\000e\000\040\000d\040\031\000a\000n\000i\000m\000a\000l\000\040\000p\000o\000u\000r\000\040\000v\000e\000n\000t\000e\000\040\000\050\000e\000n\000c\000h\000\350\000r\000e\000\040\000o\000u\000\040\000p\000r\000i\000x\000\040\000f\000i\000x\000e\000\051}{subsection.4.2.6}% 169
\BOOKMARK [3][-]{section*.101}{\376\377\000I\000n\000t\000e\000r\000f\000a\000c\000e\000\040\000d\000e\000s\000\040\000a\000c\000h\000a\000t\000s\000\040\000i\000m\000m\000\351\000d\000i\000a\000t\000s\000\040\000\050\000p\000r\000i\000x\000\040\000f\000i\000x\000e\000\051}{subsection.4.2.6}% 170
\BOOKMARK [3][-]{section*.102}{\376\377\000I\000n\000t\000e\000r\000f\000a\000c\000e\000\040\000d\000e\000s\000\040\000e\000n\000c\000h\000\350\000r\000e\000s}{subsection.4.2.6}% 171
\BOOKMARK [3][-]{section*.103}{\376\377\000I\000n\000t\000e\000r\000f\000a\000c\000e\000\040\000d\000\351\000t\000a\000i\000l\000s\000\040\000d\040\031\000u\000n\000e\000\040\000e\000n\000c\000h\000\350\000r\000e\000\040\000e\000t\000\040\000d\000e\000s\000\040\000o\000f\000f\000r\000e\000s}{subsection.4.2.6}% 172
\BOOKMARK [3][-]{section*.104}{\376\377\000I\000n\000t\000e\000r\000f\000a\000c\000e\000\040\000d\000e\000s\000\040\000c\000o\000m\000m\000e\000n\000t\000a\000i\000r\000e\000s\000,\000\040\000a\000v\000i\000s\000\040\000e\000t\000\040\000e\000n\000c\000h\000\350\000r\000e\000s\000\040\000s\000i\000m\000i\000l\000a\000i\000r\000e\000s}{subsection.4.2.6}% 173
\BOOKMARK [3][-]{section*.105}{\376\377\000I\000n\000t\000e\000r\000f\000a\000c\000e\000\040\000n\000o\000t\000i\000f\000i\000c\000a\000t\000i\000o\000n\000s\000\040\000r\000e\000\347\000u\000e\000s}{subsection.4.2.6}% 174
\BOOKMARK [3][-]{section*.106}{\376\377\000I\000n\000t\000e\000r\000f\000a\000c\000e\000\040\000e\000s\000p\000a\000c\000e\000\040\000A\000n\000i\000M\000a\000r\000k\000e\000t}{subsection.4.2.6}% 175
\BOOKMARK [3][-]{section*.107}{\376\377\000I\000n\000t\000e\000r\000f\000a\000c\000e\000\040\000m\000e\000s\000\040\000a\000n\000i\000m\000a\000u\000x\000\040\000\050\000p\000r\000i\000x\000\040\000f\000i\000x\000e\000\040\000e\000t\000\040\000e\000n\000c\000h\000\350\000r\000e\000\051}{subsection.4.2.6}% 176
\BOOKMARK [3][-]{section*.108}{\376\377\000I\000n\000t\000e\000r\000f\000a\000c\000e\000s\000\040\000m\000o\000d\000i\000i\000f\000c\000a\000t\000i\000o\000n\000\040\000e\000t\000\040\000s\000u\000p\000p\000r\000e\000s\000s\000i\000o\000n\000\040\000m\000e\000s\000\040\000a\000n\000i\000m\000a\000u\000x}{subsection.4.2.6}% 177
\BOOKMARK [1][-]{section.4.3}{\376\377\000S\000p\000r\000i\000n\000t\000\040\0005\000\040\000:\000\040\000A\000n\000i\000C\000a\000r\000e}{chapter.4}% 178
\BOOKMARK [2][-]{subsection.4.3.1}{\376\377\000S\000p\000r\000i\000n\000t\000\040\000b\000a\000c\000k\000l\000o\000g}{section.4.3}% 179
\BOOKMARK [2][-]{subsection.4.3.2}{\376\377\000D\000i\000a\000g\000r\000a\000m\000m\000e\000\040\000d\000e\000s\000\040\000c\000a\000s\000\040\000d\040\031\000u\000t\000i\000l\000i\000s\000a\000t\000i\000o\000n\000\040\000d\000u\000\040\000s\000p\000r\000i\000n\000t\000\040\0005}{section.4.3}% 180
\BOOKMARK [2][-]{subsection.4.3.3}{\376\377\000D\000e\000s\000c\000r\000i\000p\000t\000i\000o\000n\000s\000\040\000t\000e\000x\000t\000u\000e\000l\000l\000e\000s\000\040\000d\000e\000s\000\040\000c\000a\000s\000\040\000d\040\031\000u\000t\000i\000l\000i\000s\000a\000t\000i\000o\000n\000\040\000d\000u\000\040\000s\000p\000r\000i\000n\000t\000\040\0005}{section.4.3}% 181
\BOOKMARK [3][-]{section*.109}{\376\377\000\040\000D\000e\000s\000c\000r\000i\000p\000t\000i\000o\000n\000\040\000t\000e\000x\000t\000u\000e\000l\000l\000e\000\040\000d\000u\000\040\000c\000a\000s\000\040\000d\040\031\000u\000t\000i\000l\000i\000s\000a\000t\000i\000o\000n\000\040\000\253\000C\000o\000n\000s\000u\000l\000t\000e\000r\000\040\000l\000e\000s\000\040\000s\000e\000r\000v\000i\000c\000e\000s\000\273\000\040}{subsection.4.3.3}% 182
\BOOKMARK [2][-]{subsection.4.3.4}{\376\377\000D\000e\000s\000c\000r\000i\000p\000t\000i\000o\000n\000\040\000t\000e\000x\000t\000u\000e\000l\000l\000e\000\040\000d\000u\000\040\000c\000a\000s\000\040\000d\040\031\000u\000t\000i\000l\000i\000s\000a\000t\000i\000o\000n\000\040\000\253\000G\000\351\000r\000e\000r\000\040\000s\000e\000s\000\040\000r\000\351\000s\000e\000r\000v\000a\000t\000i\000o\000n\000s\000\040\000e\000n\000v\000o\000y\000\351\000e\000s\000\273}{section.4.3}% 183
\BOOKMARK [2][-]{subsection.4.3.5}{\376\377\000D\000e\000s\000c\000r\000i\000p\000t\000i\000o\000n\000\040\000t\000e\000x\000t\000u\000e\000l\000l\000e\000\040\000d\000u\000\040\000c\000a\000s\000\040\000d\040\031\000u\000t\000i\000l\000i\000s\000a\000t\000i\000o\000n\000\040\000\253\000G\000\351\000r\000e\000r\000\040\000s\000e\000s\000\040\000r\000\351\000s\000e\000r\000v\000a\000t\000i\000o\000n\000s\000\040\000r\000e\000\347\000u\000e\000s\000\273}{section.4.3}% 184
\BOOKMARK [3][-]{section*.110}{\376\377\000D\000e\000s\000c\000r\000i\000p\000t\000i\000o\000n\000\040\000t\000e\000x\000t\000u\000e\000l\000l\000e\000\040\000d\000u\000\040\000c\000a\000s\000\040\000d\040\031\000u\000t\000i\000l\000i\000s\000a\000t\000i\000o\000n\000\040\000\253\000\040\000G\000\351\000r\000e\000r\000\040\000m\000o\000n\000\040\000s\000e\000r\000v\000i\000c\000e\000\040\000\273}{subsection.4.3.5}% 185
\BOOKMARK [2][-]{subsection.4.3.6}{\376\377\000D\000i\000a\000g\000r\000a\000m\000m\000e\000\040\000d\000e\000s\000\040\000c\000l\000a\000s\000s\000e\000s\000\040\000d\000u\000\040\000s\000p\000r\000i\000n\000t\000\040\0005}{section.4.3}% 186
\BOOKMARK [2][-]{subsection.4.3.7}{\376\377\000D\000i\000a\000g\000r\000a\000m\000m\000e\000s\000\040\000d\000e\000\040\000s\000\351\000q\000u\000e\000n\000c\000e\000\040\000d\000u\000\040\000s\000p\000r\000i\000n\000t\000\040\0005}{section.4.3}% 187
\BOOKMARK [3][-]{section*.111}{\376\377\000D\000i\000a\000g\000r\000a\000m\000m\000e\000\040\000d\000e\000\040\000s\000\351\000q\000u\000e\000n\000c\000e\000\040\000:\000\040\000c\000o\000n\000s\000u\000l\000t\000a\000t\000i\000o\000n\000\040\000d\000e\000s\000\040\000s\000e\000r\000v\000i\000c\000e\000s}{subsection.4.3.7}% 188
\BOOKMARK [3][-]{section*.112}{\376\377\000D\000i\000a\000g\000r\000a\000m\000m\000e\000\040\000d\000e\000\040\000s\000\351\000q\000u\000e\000n\000c\000e\000\040\000:\000\040\000g\000e\000s\000t\000i\000o\000n\000\040\000d\000e\000s\000\040\000s\000e\000r\000v\000i\000c\000e\000s}{subsection.4.3.7}% 189
\BOOKMARK [3][-]{section*.113}{\376\377\000D\000i\000a\000g\000r\000a\000m\000m\000e\000\040\000d\000e\000\040\000s\000\351\000q\000u\000e\000n\000c\000e\000\040\000:\000\040\000g\000e\000s\000t\000i\000o\000n\000\040\000d\000e\000s\000\040\000r\000\351\000s\000e\000r\000v\000a\000t\000i\000o\000n\000s\000\040\000r\000e\000\347\000u\000e\000s}{subsection.4.3.7}% 190
\BOOKMARK [2][-]{subsection.4.3.8}{\376\377\000R\000\351\000a\000l\000i\000s\000a\000t\000i\000o\000n\000\040\000d\000u\000\040\000s\000p\000r\000i\000n\000t\000\040\0005}{section.4.3}% 191
\BOOKMARK [3][-]{section*.114}{\376\377\000I\000n\000t\000e\000r\000f\000a\000c\000e\000\040\000d\040\031\000a\000c\000c\000u\000e\000i\000l\000\040\000A\000n\000i\000C\000a\000r\000e}{subsection.4.3.8}% 192
\BOOKMARK [3][-]{section*.115}{\376\377\000I\000n\000t\000e\000r\000f\000a\000c\000e\000\040\000d\000e\000\040\000p\000u\000b\000l\000i\000c\000a\000t\000i\000o\000n\000\040\000d\040\031\000u\000n\000\040\000s\000e\000r\000v\000i\000c\000e}{subsection.4.3.8}% 193
\BOOKMARK [3][-]{section*.116}{\376\377\000I\000n\000t\000e\000r\000f\000a\000c\000e\000\040\000d\000e\000s\000\040\000a\000n\000n\000o\000n\000c\000e\000s\000\040\000d\000e\000\040\000s\000e\000r\000v\000i\000c\000e\000s\000\040\000d\000a\000n\000s\000\040\000A\000n\000i\000C\000a\000r\000e}{subsection.4.3.8}% 194
\BOOKMARK [3][-]{section*.117}{\376\377\000I\000n\000t\000e\000r\000f\000a\000c\000e\000\040\000d\000e\000s\000\040\000d\000\351\000t\000a\000i\000l\000s\000\040\000d\040\031\000u\000n\000\040\000s\000e\000r\000v\000i\000c\000e}{subsection.4.3.8}% 195
\BOOKMARK [3][-]{section*.118}{\376\377\000I\000n\000t\000e\000r\000f\000a\000c\000e\000\040\000d\000e\000\040\000r\000\351\000s\000e\000r\000v\000a\000t\000i\000o\000n\000\040\000d\040\031\000u\000n\000\040\000s\000e\000r\000v\000i\000c\000e\000\040\000p\000o\000u\000r\000\040\000u\000n\000\040\000d\000e\000m\000a\000n\000d\000e\000u\000r}{subsection.4.3.8}% 196
\BOOKMARK [3][-]{section*.119}{\376\377\000I\000n\000t\000e\000r\000f\000a\000c\000e\000\040\000d\000e\000s\000\040\000a\000v\000i\000s\000\040\000d\000e\000s\000\040\000c\000l\000i\000e\000n\000t\000s\000\040\000s\000u\000r\000\040\000u\000n\000\040\000s\000e\000r\000v\000i\000c\000e}{subsection.4.3.8}% 197
\BOOKMARK [3][-]{section*.120}{\376\377\000I\000n\000t\000e\000r\000f\000a\000c\000e\000\040\000d\000e\000\040\000l\040\031\000e\000s\000p\000a\000c\000e\000\040\000A\000n\000i\000C\000a\000r\000e\000\040\000p\000o\000u\000r\000\040\000u\000n\000\040\000p\000r\000e\000s\000t\000a\000t\000a\000i\000r\000e}{subsection.4.3.8}% 198
\BOOKMARK [3][-]{section*.121}{\376\377\000I\000n\000t\000e\000r\000f\000a\000c\000e\000s\000\040\000d\000e\000\040\000m\000o\000d\000i\000f\000i\000c\000a\000t\000i\000o\000n\000\040\000e\000t\000\040\000d\000e\000\040\000s\000u\000p\000p\000r\000e\000s\000s\000i\000o\000n\000\040\000d\040\031\000u\000n\000\040\000s\000e\000r\000v\000i\000c\000e}{subsection.4.3.8}% 199
\BOOKMARK [3][-]{section*.122}{\376\377\000I\000n\000t\000e\000r\000f\000a\000c\000e\000\040\000d\000e\000\040\000g\000e\000s\000t\000i\000o\000n\000\040\000d\000e\000s\000\040\000r\000\351\000s\000e\000r\000v\000a\000t\000i\000o\000n\000s\000\040\000r\000e\000\347\000u\000e\000s\000\040\000p\000o\000u\000r\000\040\000l\000e\000\040\000p\000r\000e\000s\000t\000a\000t\000a\000i\000r\000e}{subsection.4.3.8}% 200
\BOOKMARK [3][-]{section*.123}{\376\377\000I\000n\000t\000e\000r\000f\000a\000c\000e\000\040\000d\000u\000\040\000p\000l\000a\000n\000n\000i\000n\000g\000\040\000d\000u\000\040\000p\000r\000e\000s\000t\000a\000t\000a\000i\000r\000e}{subsection.4.3.8}% 201
\BOOKMARK [3][-]{section*.124}{\376\377\000I\000n\000t\000e\000r\000f\000a\000c\000e\000\040\000d\000e\000\040\000g\000e\000s\000t\000i\000o\000n\000\040\000d\000e\000s\000\040\000r\000\351\000s\000e\000r\000v\000a\000t\000i\000o\000n\000s\000\040\000e\000n\000v\000o\000y\000\351\000e\000s\000\040\000p\000o\000u\000r\000\040\000l\000e\000\040\000d\000e\000m\000a\000n\000d\000e\000u\000r}{subsection.4.3.8}% 202
\BOOKMARK [3][-]{section*.125}{\376\377\000I\000n\000t\000e\000r\000f\000a\000c\000e\000\040\000d\000e\000s\000\040\000n\000o\000t\000i\000f\000i\000c\000a\000t\000i\000o\000n\000s\000\040\000d\040\031\000a\000c\000c\000e\000p\000t\000a\000t\000i\000o\000n\000\040\000d\000e\000\040\000r\000\351\000s\000e\000r\000v\000a\000t\000i\000o\000n\000\040\000e\000t\000\040\000d\000e\000\040\000r\000e\000n\000d\000e\000z\000-\000v\000o\000u\000s}{subsection.4.3.8}% 203
\BOOKMARK [1][-]{section.4.4}{\376\377\000S\000p\000r\000i\000n\000t\000\040\0006\000\040\000:\000\040\000C\000o\000n\000t\000e\000n\000e\000u\000r\000i\000s\000a\000t\000i\000o\000n\000,\000\040\000C\000I\000/\000C\000D\000,\000\040\000D\000\351\000p\000l\000o\000i\000e\000m\000e\000n\000t\000\040\000C\000l\000o\000u\000d\000\040\000e\000t\000\040\000M\000o\000n\000i\000t\000o\000r\000i\000n\000g}{chapter.4}% 204
\BOOKMARK [2][-]{subsection.4.4.1}{\376\377\000S\000p\000r\000i\000n\000t\000\040\000b\000a\000c\000k\000l\000o\000g}{section.4.4}% 205
\BOOKMARK [2][-]{subsection.4.4.2}{\376\377\000C\000o\000n\000t\000e\000n\000e\000u\000r\000i\000s\000a\000t\000i\000o\000n\000\040\000d\000e\000s\000\040\000m\000i\000c\000r\000o\000s\000e\000r\000v\000i\000c\000e\000s\000\040\000a\000v\000e\000c\000\040\000D\000o\000c\000k\000e\000r}{section.4.4}% 206
\BOOKMARK [3][-]{section*.126}{\376\377\000C\000r\000\351\000a\000t\000i\000o\000n\000\040\000d\000e\000s\000\040\000f\000i\000c\000h\000i\000e\000r\000s\000\040\000D\000o\000c\000k\000e\000r\000f\000i\000l\000e}{subsection.4.4.2}% 207
\BOOKMARK [3][-]{section*.127}{\376\377\000C\000o\000n\000f\000i\000g\000u\000r\000a\000t\000i\000o\000n\000\040\000d\000e\000\040\000D\000o\000c\000k\000e\000r\000\040\000C\000o\000m\000p\000o\000s\000e}{subsection.4.4.2}% 208
\BOOKMARK [3][-]{section*.128}{\376\377\000C\000o\000n\000s\000t\000r\000u\000c\000t\000i\000o\000n\000\040\000e\000t\000\040\000e\000x\000\351\000c\000u\000t\000i\000o\000n\000\040\000d\000e\000s\000\040\000c\000o\000n\000t\000e\000n\000e\000u\000r\000s}{subsection.4.4.2}% 209
\BOOKMARK [2][-]{subsection.4.4.3}{\376\377\000D\000\351\000p\000l\000o\000i\000e\000m\000e\000n\000t\000\040\000d\000e\000s\000\040\000m\000i\000c\000r\000o\000s\000e\000r\000v\000i\000c\000e\000s\000\040\000a\000v\000e\000c\000\040\000K\000u\000b\000e\000r\000n\000e\000t\000e\000s}{section.4.4}% 210
\BOOKMARK [3][-]{section*.129}{\376\377\000C\000r\000\351\000a\000t\000i\000o\000n\000\040\000d\000e\000s\000\040\000f\000i\000c\000h\000i\000e\000r\000s\000\040\000D\000e\000p\000l\000o\000y\000m\000e\000n\000t\000\040\000e\000t\000\040\000S\000e\000r\000v\000i\000c\000e}{subsection.4.4.3}% 211
\BOOKMARK [3][-]{section*.130}{\376\377\000A\000p\000p\000l\000i\000c\000a\000t\000i\000o\000n\000\040\000d\000e\000s\000\040\000f\000i\000c\000h\000i\000e\000r\000s\000\040\000Y\000A\000M\000L\000\040\000d\000a\000n\000s\000\040\000K\000u\000b\000e\000r\000n\000e\000t\000e\000s\000\040\000p\000o\000u\000r\000\040\000l\000e\000\040\000d\000\351\000p\000l\000o\000i\000e\000m\000e\000n\000t\000\040\000d\040\031\000A\000n\000i\000H\000u\000b}{subsection.4.4.3}% 212
\BOOKMARK [3][-]{section*.131}{\376\377\000V\000\351\000r\000i\000f\000i\000c\000a\000t\000i\000o\000n\000\040\000d\000e\000\040\000l\040\031\000\351\000t\000a\000t\000\040\000d\000e\000s\000\040\000p\000o\000d\000s}{subsection.4.4.3}% 213
\BOOKMARK [3][-]{section*.132}{\376\377\000E\000x\000\351\000c\000u\000t\000i\000o\000n\000\040\000d\000e\000s\000\040\000c\000o\000n\000t\000e\000n\000e\000u\000r\000s\000\040\000v\000i\000a\000\040\000K\000u\000b\000e\000r\000n\000e\000t\000e\000s}{subsection.4.4.3}% 214
\BOOKMARK [3][-]{section*.133}{\376\377\000A\000c\000c\000\350\000s\000\040\000a\000u\000\040\000f\000r\000o\000n\000t\000e\000n\000d\000\040\000v\000i\000a\000\040\000p\000o\000r\000t\000-\000f\000o\000r\000w\000a\000r\000d\000\040\000s\000u\000r\000\040\000l\000e\000\040\000p\000o\000r\000t\000\040\0003\0000\0000\0000}{subsection.4.4.3}% 215
\BOOKMARK [2][-]{subsection.4.4.4}{\376\377\000D\000\351\000p\000l\000o\000i\000e\000m\000e\000n\000t\000\040\000C\000l\000o\000u\000d\000\040\000s\000u\000r\000\040\000G\000o\000o\000g\000l\000e\000\040\000C\000l\000o\000u\000d\000\040\000P\000l\000a\000t\000f\000o\000r\000m}{section.4.4}% 216
\BOOKMARK [3][-]{section*.134}{\376\377\000V\000\351\000r\000i\000f\000i\000c\000a\000t\000i\000o\000n\000\040\000d\000u\000\040\000c\000o\000n\000t\000e\000x\000t\000e\000\040\000c\000l\000o\000u\000d}{subsection.4.4.4}% 217
\BOOKMARK [3][-]{section*.135}{\376\377\000A\000f\000f\000i\000c\000h\000a\000g\000e\000\040\000d\000e\000s\000\040\000c\000l\000u\000s\000t\000e\000r\000s\000\040\000d\000i\000s\000p\000o\000n\000i\000b\000l\000e\000s\000\040\000s\000u\000r\000\040\000G\000C\000P}{subsection.4.4.4}% 218
\BOOKMARK [3][-]{section*.136}{\376\377\000\311\000t\000a\000t\000\040\000d\000e\000s\000\040\000p\000o\000d\000s\000\040\000d\000a\000n\000s\000\040\000l\000e\000\040\000c\000l\000u\000s\000t\000e\000r\000\040\000A\000n\000i\000H\000u\000b\000\040\000s\000u\000r\000\040\000G\000C\000P}{subsection.4.4.4}% 219
\BOOKMARK [3][-]{section*.137}{\376\377\000A\000c\000c\000\350\000s\000\040\000c\000l\000o\000u\000d\000\040\000e\000t\000\040\000t\000e\000s\000t\000s\000\040\000d\000e\000\040\000c\000o\000m\000m\000u\000n\000i\000c\000a\000t\000i\000o\000n\000\040\000e\000n\000t\000r\000e\000\040\000l\000e\000s\000\040\000m\000i\000c\000r\000o\000s\000e\000r\000v\000i\000c\000e\000s\000\040}{subsection.4.4.4}% 220
\BOOKMARK [3][-]{section*.138}{\376\377\000L\000i\000s\000t\000e\000\040\000d\000e\000s\000\040\000s\000e\000r\000v\000i\000c\000e\000s\000\040\000K\000u\000b\000e\000r\000n\000e\000t\000e\000s\000\040\000e\000t\000\040\000a\000c\000c\000\350\000s\000\040\000\340\000\040\000l\040\031\000a\000p\000p\000l\000i\000c\000a\000t\000i\000o\000n\000\040\000v\000i\000a\000\040\000l\040\031\000I\000P\000\040\000e\000x\000t\000e\000r\000n\000e}{subsection.4.4.4}% 221
\BOOKMARK [3][-]{section*.139}{\376\377\000T\000e\000s\000t\000\040\000d\000e\000\040\000l\040\031\000a\000p\000p\000l\000i\000c\000a\000t\000i\000o\000n\000\040\000d\000\351\000p\000l\000o\000y\000\351\000e\000\040\000v\000i\000a\000\040\000l\040\031\000I\000P\000\040\000e\000x\000t\000e\000r\000n\000e\000\040\0003\0004\000.\0006\0002\000.\0001\0001\000.\0005\0001\000\040\000s\000u\000r\000\040\000l\000e\000\040\000n\000a\000v\000i\000g\000a\000t\000e\000u\000r}{subsection.4.4.4}% 222
\BOOKMARK [2][-]{subsection.4.4.5}{\376\377\000M\000i\000s\000e\000\040\000e\000n\000\040\000p\000l\000a\000c\000e\000\040\000d\000u\000\040\000p\000i\000p\000e\000l\000i\000n\000e\000\040\000C\000I\000/\000C\000D}{section.4.4}% 223
\BOOKMARK [3][-]{section*.140}{\376\377\000C\000r\000\351\000a\000t\000i\000o\000n\000\040\000d\000u\000\040\000w\000o\000r\000k\000f\000l\000o\000w\000\040\000G\000i\000t\000H\000u\000b\000\040\000A\000c\000t\000i\000o\000n\000s}{subsection.4.4.5}% 224
\BOOKMARK [3][-]{section*.141}{\376\377\000D\000\351\000c\000l\000e\000n\000c\000h\000e\000m\000e\000n\000t\000\040\000d\000e\000\040\000l\000a\000\040\000p\000i\000p\000e\000l\000i\000n\000e\000\040\000C\000I\000/\000C\000D\000\040\000p\000a\000r\000\040\000u\000n\000\040\000p\000u\000s\000h\000\040\000s\000u\000r\000\040\000G\000i\000t\000H\000u\000b}{subsection.4.4.5}% 225
\BOOKMARK [3][-]{section*.142}{\376\377\000E\000x\000\351\000c\000u\000t\000i\000o\000n\000\040\000d\000e\000\040\000l\000a\000\040\000p\000i\000p\000e\000l\000i\000n\000e\000\040\000d\000a\000n\000s\000\040\000G\000i\000t\000H\000u\000b\000\040\000A\000c\000t\000i\000o\000n\000s}{subsection.4.4.5}% 226
\BOOKMARK [2][-]{subsection.4.4.6}{\376\377\000M\000o\000n\000i\000t\000o\000r\000i\000n\000g\000\040\000e\000t\000\040\000s\000u\000p\000e\000r\000v\000i\000s\000i\000o\000n}{section.4.4}% 227
\BOOKMARK [3][-]{section*.143}{\376\377\000C\000o\000n\000f\000i\000g\000u\000r\000a\000t\000i\000o\000n\000\040\000d\000e\000\040\000P\000r\000o\000m\000e\000t\000h\000e\000u\000s\000\040\000e\000t\000\040\000G\000r\000a\000f\000a\000n\000a\000\040\000s\000u\000r\000\040\000K\000u\000b\000e\000r\000n\000e\000t\000e\000s}{subsection.4.4.6}% 228
\BOOKMARK [3][-]{section*.144}{\376\377\000A\000j\000o\000u\000t\000\040\000d\000e\000\040\000l\000a\000\040\000r\000o\000u\000t\000e\000\040\000d\000e\000s\000\040\000m\000\351\000t\000r\000i\000q\000u\000e\000s\000\040\000d\000a\000n\000s\000\040\000l\000e\000s\000\040\000m\000i\000c\000r\000o\000s\000e\000r\000v\000i\000c\000e\000s}{subsection.4.4.6}% 229
\BOOKMARK [3][-]{section*.145}{\376\377\000S\000u\000r\000v\000e\000i\000l\000l\000a\000n\000c\000e\000\040\000d\000e\000s\000\040\000m\000i\000c\000r\000o\000s\000e\000r\000v\000i\000c\000e\000s\000\040\000a\000v\000e\000c\000\040\000P\000r\000o\000m\000e\000t\000h\000e\000u\000s}{subsection.4.4.6}% 230
\BOOKMARK [3][-]{section*.146}{\376\377\000P\000a\000g\000e\000\040\000d\000e\000\040\000c\000o\000n\000n\000e\000x\000i\000o\000n\000\040\000d\000e\000\040\000G\000r\000a\000f\000a\000n\000a}{subsection.4.4.6}% 231
\BOOKMARK [3][-]{section*.147}{\376\377\000T\000a\000b\000l\000e\000a\000u\000\040\000d\000e\000\040\000b\000o\000r\000d\000\040\000G\000r\000a\000f\000a\000n\000a\000\040\000:\000\040\000\351\000t\000a\000t\000\040\000d\000e\000\040\000s\000a\000n\000t\000\351\000\040\000d\000e\000s\000\040\000m\000i\000c\000r\000o\000s\000e\000r\000v\000i\000c\000e\000s\000\040\000A\000n\000i\000H\000u\000b}{subsection.4.4.6}% 232
\BOOKMARK [3][-]{section*.148}{\376\377\000T\000a\000b\000l\000e\000a\000u\000\040\000d\000e\000\040\000b\000o\000r\000d\000\040\000G\000r\000a\000f\000a\000n\000a\000\040\000:\000\040\000U\000t\000i\000l\000i\000s\000a\000t\000i\000o\000n\000\040\000d\000e\000\040\000l\000a\000\040\000m\000\351\000m\000o\000i\000r\000e\000\040\000v\000i\000v\000e\000\040\000\050\000R\000A\000M\000\051\000\040\000p\000a\000r\000\040\000p\000o\000d}{subsection.4.4.6}% 233
\BOOKMARK [3][-]{section*.149}{\376\377\000T\000a\000b\000l\000e\000a\000u\000\040\000d\000e\000\040\000b\000o\000r\000d\000\040\000G\000r\000a\000f\000a\000n\000a\000\040\000:\000\040\000C\000o\000n\000s\000o\000m\000m\000a\000t\000i\000o\000n\000\040\000C\000P\000U\000\040\000d\000e\000s\000\040\000m\000i\000c\000r\000o\000s\000e\000r\000v\000i\000c\000e\000s\000\040\000A\000n\000i\000H\000u\000b}{subsection.4.4.6}% 234
\BOOKMARK [3][-]{section*.150}{\376\377\000T\000a\000b\000l\000e\000a\000u\000\040\000d\000e\000\040\000b\000o\000r\000d\000\040\000G\000r\000a\000f\000a\000n\000a\000\040\000:\000\040\000N\000o\000m\000b\000r\000e\000\040\000d\000e\000\040\000c\000o\000n\000t\000e\000n\000e\000u\000r\000s\000\040\000a\000c\000t\000i\000f\000s}{subsection.4.4.6}% 235
\BOOKMARK [3][-]{section*.151}{\376\377\000T\000a\000b\000l\000e\000a\000u\000\040\000d\000e\000\040\000b\000o\000r\000d\000\040\000g\000r\000a\000f\000a\000n\000a\000\040\000:\000\040\000\311\000t\000a\000t\000\040\000d\000e\000\040\000s\000a\000n\000t\000\351\000\040\000d\000e\000\040\000l\000a\000\040\000G\000a\000t\000e\000w\000a\000y}{subsection.4.4.6}% 236
\BOOKMARK [3][-]{section*.152}{\376\377\000T\000a\000b\000l\000e\000a\000u\000\040\000d\000e\000\040\000b\000o\000r\000d\000\040\000G\000r\000a\000f\000a\000n\000a\000\040\000:\000\040\000N\000o\000m\000b\000r\000e\000\040\000d\000e\000\040\000r\000e\000q\000u\000\352\000t\000e\000s\000\040\000d\000u\000\040\000m\000i\000c\000r\000o\000s\000e\000r\000v\000i\000c\000e\000\040\000A\000n\000i\000M\000a\000t\000c\000h}{subsection.4.4.6}% 237
\BOOKMARK [3][-]{section*.153}{\376\377\000T\000a\000b\000l\000e\000a\000u\000\040\000d\000e\000\040\000b\000o\000r\000d\000\040\000G\000r\000a\000f\000a\000n\000a\000\040\000:\000N\000o\000m\000b\000r\000e\000\040\000d\000e\000\040\000r\000e\000q\000u\000\352\000t\000e\000s\000\040\000p\000a\000r\000\040\000m\000i\000c\000r\000o\000s\000e\000r\000v\000i\000c\000e\000s}{subsection.4.4.6}% 238
\BOOKMARK [0][-]{chapter*.155}{\376\377\000B\000i\000b\000l\000i\000o\000g\000r\000a\000p\000h\000i\000e}{}% 239
